[    0.000000] Initializing cgroup subsys cpuset
[    0.000000] Initializing cgroup subsys cpu
[    0.000000] Initializing cgroup subsys cpuacct
[    0.000000] Linux version 4.4.0-97-generic (buildd@lcy01-33) (gcc version 5.4.0 20160609 (Ubuntu 5.4.0-6ubuntu1~16.04.4) ) #120-Ubuntu SMP Tue Sep 19 17:28:18 UTC 2017 (Ubuntu 4.4.0-97.120-generic 4.4.87)
[    0.000000] Command line: BOOT_IMAGE=/boot/vmlinuz-4.4.0-97-generic root=LABEL=cloudimg-rootfs ro console=tty1 console=ttyS0
[    0.000000] KERNEL supported cpus:
[    0.000000]   Intel GenuineIntel
[    0.000000]   AMD AuthenticAMD
[    0.000000]   Centaur CentaurHauls
[    0.000000] x86/fpu: xstate_offset[2]:  576, xstate_sizes[2]:  256
[    0.000000] x86/fpu: Supporting XSAVE feature 0x01: 'x87 floating point registers'
[    0.000000] x86/fpu: Supporting XSAVE feature 0x02: 'SSE registers'
[    0.000000] x86/fpu: Supporting XSAVE feature 0x04: 'AVX registers'
[    0.000000] x86/fpu: Enabled xstate features 0x7, context size is 832 bytes, using 'standard' format.
[    0.000000] x86/fpu: Using 'lazy' FPU context switches.
[    0.000000] e820: BIOS-provided physical RAM map:
[    0.000000] BIOS-e820: [mem 0x0000000000000000-0x000000000009fbff] usable
[    0.000000] BIOS-e820: [mem 0x000000000009fc00-0x000000000009ffff] reserved
[    0.000000] BIOS-e820: [mem 0x00000000000f0000-0x00000000000fffff] reserved
[    0.000000] BIOS-e820: [mem 0x0000000000100000-0x000000003ffeffff] usable
[    0.000000] BIOS-e820: [mem 0x000000003fff0000-0x000000003fffffff] ACPI data
[    0.000000] BIOS-e820: [mem 0x00000000fec00000-0x00000000fec00fff] reserved
[    0.000000] BIOS-e820: [mem 0x00000000fee00000-0x00000000fee00fff] reserved
[    0.000000] BIOS-e820: [mem 0x00000000fffc0000-0x00000000ffffffff] reserved
[    0.000000] NX (Execute Disable) protection: active
[    0.000000] SMBIOS 2.5 present.
[    0.000000] Hypervisor detected: KVM
[    0.000000] e820: last_pfn = 0x3fff0 max_arch_pfn = 0x400000000
[    0.000000] MTRR: Disabled
[    0.000000] x86/PAT: MTRRs disabled, skipping PAT initialization too.
[    0.000000] CPU MTRRs all blank - virtualized system.
[    0.000000] x86/PAT: Configuration [0-7]: WB  WT  UC- UC  WB  WT  UC- UC  
[    0.000000] found SMP MP-table at [mem 0x0009fff0-0x0009ffff] mapped at [ffff88000009fff0]
[    0.000000] Scanning 1 areas for low memory corruption
[    0.000000] RAMDISK: [mem 0x36adc000-0x37565fff]
[    0.000000] ACPI: Early table checksum verification disabled
[    0.000000] ACPI: RSDP 0x00000000000E0000 000024 (v02 VBOX  )
[    0.000000] ACPI: XSDT 0x000000003FFF0030 00003C (v01 VBOX   VBOXXSDT 00000001 ASL  00000061)
[    0.000000] ACPI: FACP 0x000000003FFF00F0 0000F4 (v04 VBOX   VBOXFACP 00000001 ASL  00000061)
[    0.000000] ACPI: DSDT 0x000000003FFF0470 0021C8 (v02 VBOX   VBOXBIOS 00000002 INTL 20100528)
[    0.000000] ACPI: FACS 0x000000003FFF0200 000040
[    0.000000] ACPI: FACS 0x000000003FFF0200 000040
[    0.000000] ACPI: APIC 0x000000003FFF0240 00005C (v02 VBOX   VBOXAPIC 00000001 ASL  00000061)
[    0.000000] ACPI: SSDT 0x000000003FFF02A0 0001CC (v01 VBOX   VBOXCPUT 00000002 INTL 20100528)
[    0.000000] No NUMA configuration found
[    0.000000] Faking a node at [mem 0x0000000000000000-0x000000003ffeffff]
[    0.000000] NODE_DATA(0) allocated [mem 0x3ffeb000-0x3ffeffff]
[    0.000000] kvm-clock: Using msrs 4b564d01 and 4b564d00
[    0.000000] kvm-clock: cpu 0, msr 0:3ffe3001, primary cpu clock
[    0.000000] kvm-clock: using sched offset of 3465170706 cycles
[    0.000000] clocksource: kvm-clock: mask: 0xffffffffffffffff max_cycles: 0x1cd42e4dffb, max_idle_ns: 881590591483 ns
[    0.000000] Zone ranges:
[    0.000000]   DMA      [mem 0x0000000000001000-0x0000000000ffffff]
[    0.000000]   DMA32    [mem 0x0000000001000000-0x000000003ffeffff]
[    0.000000]   Normal   empty
[    0.000000]   Device   empty
[    0.000000] Movable zone start for each node
[    0.000000] Early memory node ranges
[    0.000000]   node   0: [mem 0x0000000000001000-0x000000000009efff]
[    0.000000]   node   0: [mem 0x0000000000100000-0x000000003ffeffff]
[    0.000000] Initmem setup node 0 [mem 0x0000000000001000-0x000000003ffeffff]
[    0.000000] ACPI: PM-Timer IO Port: 0x4008
[    0.000000] IOAPIC[0]: apic_id 2, version 32, address 0xfec00000, GSI 0-23
[    0.000000] ACPI: INT_SRC_OVR (bus 0 bus_irq 0 global_irq 2 dfl dfl)
[    0.000000] ACPI: INT_SRC_OVR (bus 0 bus_irq 9 global_irq 9 high level)
[    0.000000] Using ACPI (MADT) for SMP configuration information
[    0.000000] smpboot: Allowing 2 CPUs, 0 hotplug CPUs
[    0.000000] PM: Registered nosave memory: [mem 0x00000000-0x00000fff]
[    0.000000] PM: Registered nosave memory: [mem 0x0009f000-0x0009ffff]
[    0.000000] PM: Registered nosave memory: [mem 0x000a0000-0x000effff]
[    0.000000] PM: Registered nosave memory: [mem 0x000f0000-0x000fffff]
[    0.000000] e820: [mem 0x40000000-0xfebfffff] available for PCI devices
[    0.000000] Booting paravirtualized kernel on KVM
[    0.000000] clocksource: refined-jiffies: mask: 0xffffffff max_cycles: 0xffffffff, max_idle_ns: 7645519600211568 ns
[    0.000000] setup_percpu: NR_CPUS:512 nr_cpumask_bits:512 nr_cpu_ids:2 nr_node_ids:1
[    0.000000] PERCPU: Embedded 34 pages/cpu @ffff88003fc00000 s98328 r8192 d32744 u1048576
[    0.000000] PV qspinlock hash table entries: 256 (order: 0, 4096 bytes)
[    0.000000] Built 1 zonelists in Node order, mobility grouping on.  Total pages: 257913
[    0.000000] Policy zone: DMA32
[    0.000000] Kernel command line: BOOT_IMAGE=/boot/vmlinuz-4.4.0-97-generic root=LABEL=cloudimg-rootfs ro console=tty1 console=ttyS0
[    0.000000] PID hash table entries: 4096 (order: 3, 32768 bytes)
[    0.000000] Memory: 1001772K/1048120K available (8480K kernel code, 1294K rwdata, 3984K rodata, 1492K init, 1316K bss, 46348K reserved, 0K cma-reserved)
[    0.000000] SLUB: HWalign=64, Order=0-3, MinObjects=0, CPUs=2, Nodes=1
[    0.000000] Hierarchical RCU implementation.
[    0.000000] 	Build-time adjustment of leaf fanout to 64.
[    0.000000] 	RCU restricting CPUs from NR_CPUS=512 to nr_cpu_ids=2.
[    0.000000] RCU: Adjusting geometry for rcu_fanout_leaf=64, nr_cpu_ids=2
[    0.000000] NR_IRQS:33024 nr_irqs:440 16
[    0.000000] Console: colour VGA+ 80x25
[    0.000000] console [tty1] enabled
[    0.000000] console [ttyS0] enabled
[    0.000000] tsc: Detected 1696.074 MHz processor
[    1.476630] Calibrating delay loop (skipped) preset value.. 3392.14 BogoMIPS (lpj=6784296)
[    1.491863] pid_max: default: 32768 minimum: 301
[    1.509891] ACPI: Core revision 20150930
[    1.522617] ACPI: 2 ACPI AML tables successfully acquired and loaded
[    1.536864] Security Framework initialized
[    1.557344] Yama: becoming mindful.
[    1.596107] AppArmor: AppArmor initialized
[    1.599169] Dentry cache hash table entries: 131072 (order: 8, 1048576 bytes)
[    1.609271] Inode-cache hash table entries: 65536 (order: 7, 524288 bytes)
[    1.622437] Mount-cache hash table entries: 2048 (order: 2, 16384 bytes)
[    1.646028] Mountpoint-cache hash table entries: 2048 (order: 2, 16384 bytes)
[    1.649806] Initializing cgroup subsys io
[    1.651838] Initializing cgroup subsys memory
[    1.661026] Initializing cgroup subsys devices
[    1.662598] Initializing cgroup subsys freezer
[    1.664148] Initializing cgroup subsys net_cls
[    1.671627] Initializing cgroup subsys perf_event
[    1.673451] Initializing cgroup subsys net_prio
[    1.674879] Initializing cgroup subsys hugetlb
[    1.678475] Initializing cgroup subsys pids
[    1.691180] CPU: Physical Processor ID: 0
[    1.692693] CPU: Processor Core ID: 0
[    1.695265] mce: CPU supports 0 MCE banks
[    1.713854] Last level iTLB entries: 4KB 1024, 2MB 1024, 4MB 1024
[    1.736876] Last level dTLB entries: 4KB 1024, 2MB 1024, 4MB 1024, 1GB 4
[    1.744699] Freeing SMP alternatives memory: 32K
[    1.760214] ftrace: allocating 32148 entries in 126 pages
[    1.831557] smpboot: APIC(0) Converting physical 0 to logical package 0
[    1.837674] smpboot: Max logical packages: 1
[    1.844003] x2apic enabled
[    1.845481] Switched APIC routing to physical x2apic.
[    1.848748] ..TIMER: vector=0x30 apic1=0 pin1=2 apic2=-1 pin2=-1
[    1.960771] smpboot: CPU0: Intel(R) Core(TM) i3-4010U CPU @ 1.70GHz (family: 0x6, model: 0x45, stepping: 0x1)
[    2.003122] Performance Events: unsupported p6 CPU model 69 no PMU driver, software events only.
[    2.005961] KVM setup paravirtual spinlock
[    2.008297] x86: Booting SMP configuration:
[    2.017038] .... node  #0, CPUs:      #1
[    2.047420] kvm-clock: cpu 1, msr 0:3ffe3041, secondary cpu clock
[    2.053601] mce: CPU supports 0 MCE banks
[    2.056672] x86: Booted up 1 node, 2 CPUs
[    2.078765] smpboot: Total of 2 processors activated (6784.29 BogoMIPS)
[    2.081108] devtmpfs: initialized
[    2.093428] evm: security.selinux
[    2.094798] evm: security.SMACK64
[    2.095990] evm: security.SMACK64EXEC
[    2.101328] evm: security.SMACK64TRANSMUTE
[    2.109726] evm: security.SMACK64MMAP
[    2.121779] evm: security.ima
[    2.123566] evm: security.capability
[    2.127366] clocksource: jiffies: mask: 0xffffffff max_cycles: 0xffffffff, max_idle_ns: 7645041785100000 ns
[    2.137465] futex hash table entries: 512 (order: 3, 32768 bytes)
[    2.150203] pinctrl core: initialized pinctrl subsystem
[    2.169280] RTC time: 14:11:18, date: 12/10/17
[    2.201096] NET: Registered protocol family 16
[    2.222499] cpuidle: using governor ladder
[    2.234727] cpuidle: using governor menu
[    2.236001] PCCT header not found.
[    2.237238] ACPI: bus type PCI registered
[    2.238604] acpiphp: ACPI Hot Plug PCI Controller Driver version: 0.5
[    2.240577] PCI: Using configuration type 1 for base access
[    2.275899] ACPI: Added _OSI(Module Device)
[    2.316610] ACPI: Added _OSI(Processor Device)
[    2.363203] ACPI: Added _OSI(3.0 _SCP Extensions)
[    2.385090] ACPI: Added _OSI(Processor Aggregator Device)
[    2.408497] ACPI: Executed 1 blocks of module-level executable AML code
[    2.435192] ACPI: Interpreter enabled
[    2.467836] ACPI: (supports S0 S5)
[    2.496832] ACPI: Using IOAPIC for interrupt routing
[    2.518691] PCI: Using host bridge windows from ACPI; if necessary, use "pci=nocrs" and report a bug
[    2.586255] ACPI: PCI Root Bridge [PCI0] (domain 0000 [bus 00-ff])
[    2.609319] acpi PNP0A03:00: _OSC: OS supports [ASPM ClockPM Segments MSI]
[    2.691115] acpi PNP0A03:00: _OSC failed (AE_NOT_FOUND); disabling ASPM
[    2.712968] acpi PNP0A03:00: fail to add MMCONFIG information, can't access extended PCI configuration space under this bridge.
[    2.735877] PCI host bridge to bus 0000:00
[    2.737169] pci_bus 0000:00: root bus resource [io  0x0000-0x0cf7 window]
[    2.746449] pci_bus 0000:00: root bus resource [io  0x0d00-0xffff window]
[    2.796764] pci_bus 0000:00: root bus resource [mem 0x000a0000-0x000bffff window]
[    2.799074] pci_bus 0000:00: root bus resource [mem 0x40000000-0xffdfffff window]
[    2.801446] pci_bus 0000:00: root bus resource [bus 00-ff]
[    2.805853] pci 0000:00:01.1: legacy IDE quirk: reg 0x10: [io  0x01f0-0x01f7]
[    2.821458] pci 0000:00:01.1: legacy IDE quirk: reg 0x14: [io  0x03f6]
[    2.823758] pci 0000:00:01.1: legacy IDE quirk: reg 0x18: [io  0x0170-0x0177]
[    2.831201] pci 0000:00:01.1: legacy IDE quirk: reg 0x1c: [io  0x0376]
[    2.865567] pci 0000:00:07.0: quirk: [io  0x4000-0x403f] claimed by PIIX4 ACPI
[    2.878571] pci 0000:00:07.0: quirk: [io  0x4100-0x410f] claimed by PIIX4 SMB
[    2.903464] ACPI: PCI Interrupt Link [LNKA] (IRQs 5 9 10 *11)
[    2.932911] ACPI: PCI Interrupt Link [LNKB] (IRQs 5 9 10 *11)
[    2.956995] ACPI: PCI Interrupt Link [LNKC] (IRQs 5 9 *10 11)
[    2.967038] ACPI: PCI Interrupt Link [LNKD] (IRQs 5 *9 10 11)
[    2.975298] ACPI: Enabled 2 GPEs in block 00 to 07
[    2.977748] vgaarb: setting as boot device: PCI:0000:00:02.0
[    2.999801] vgaarb: device added: PCI:0000:00:02.0,decodes=io+mem,owns=io+mem,locks=none
[    3.005464] vgaarb: loaded
[    3.006914] vgaarb: bridge control possible 0000:00:02.0
[    3.009507] SCSI subsystem initialized
[    3.021303] ACPI: bus type USB registered
[    3.023200] usbcore: registered new interface driver usbfs
[    3.029703] usbcore: registered new interface driver hub
[    3.036973] usbcore: registered new device driver usb
[    3.038807] PCI: Using ACPI for IRQ routing
[    3.040644] NetLabel: Initializing
[    3.054854] NetLabel:  domain hash size = 128
[    3.056215] NetLabel:  protocols = UNLABELED CIPSOv4
[    3.060952] NetLabel:  unlabeled traffic allowed by default
[    3.062926] amd_nb: Cannot enumerate AMD northbridges
[    3.080387] clocksource: Switched to clocksource kvm-clock
[    3.096706] AppArmor: AppArmor Filesystem Enabled
[    3.110541] pnp: PnP ACPI init
[    3.112782] pnp: PnP ACPI: found 3 devices
[    3.187747] clocksource: acpi_pm: mask: 0xffffff max_cycles: 0xffffff, max_idle_ns: 2085701024 ns
[    3.205285] NET: Registered protocol family 2
[    3.221278] TCP established hash table entries: 8192 (order: 4, 65536 bytes)
[    3.248250] TCP bind hash table entries: 8192 (order: 5, 131072 bytes)
[    3.321728] TCP: Hash tables configured (established 8192 bind 8192)
[    3.423467] UDP hash table entries: 512 (order: 2, 16384 bytes)
[    3.454397] UDP-Lite hash table entries: 512 (order: 2, 16384 bytes)
[    3.575962] NET: Registered protocol family 1
[    3.655339] pci 0000:00:00.0: Limiting direct PCI/PCI transfers
[    3.684496] pci 0000:00:01.0: Activating ISA DMA hang workarounds
[    3.687448] Unpacking initramfs...
[    6.813268] Freeing initrd memory: 10792K
[    6.861547] RAPL PMU detected, API unit is 2^-32 Joules, 4 fixed counters 10737418240 ms ovfl timer
[    6.870113] hw unit of domain pp0-core 2^-0 Joules
[    6.871536] hw unit of domain package 2^-0 Joules
[    6.879300] hw unit of domain dram 2^-0 Joules
[    6.880675] hw unit of domain pp1-gpu 2^-0 Joules
[    6.882228] platform rtc_cmos: registered platform RTC device (no PNP device found)
[    6.884622] Scanning for low memory corruption every 60 seconds
[    6.886856] audit: initializing netlink subsys (disabled)
[    6.888447] audit: type=2000 audit(1512915085.365:1): initialized
[    6.890615] Initialise system trusted keyring
[    6.892223] HugeTLB registered 2 MB page size, pre-allocated 0 pages
[    6.896324] zbud: loaded
[    6.897705] VFS: Disk quotas dquot_6.6.0
[    6.899094] VFS: Dquot-cache hash table entries: 512 (order 0, 4096 bytes)
[    6.902141] squashfs: version 4.0 (2009/01/31) Phillip Lougher
[    6.905107] fuse init (API version 7.23)
[    6.908111] Key type big_key registered
[    6.937598] Allocating IMA MOK and blacklist keyrings.
[    6.959013] Key type asymmetric registered
[    6.960293] Asymmetric key parser 'x509' registered
[    6.963204] Block layer SCSI generic (bsg) driver version 0.4 loaded (major 249)
[    6.972365] io scheduler noop registered
[    6.979107] io scheduler deadline registered (default)
[    7.014135] io scheduler cfq registered
[    7.016264] pci_hotplug: PCI Hot Plug PCI Core version: 0.5
[    7.069569] pciehp: PCI Express Hot Plug Controller Driver version: 0.4
[    7.088867] ACPI: AC Adapter [AC] (on-line)
[    7.090281] input: Power Button as /devices/LNXSYSTM:00/LNXPWRBN:00/input/input0
[    7.094810] ACPI: Power Button [PWRF]
[    7.096156] input: Sleep Button as /devices/LNXSYSTM:00/LNXSLPBN:00/input/input1
[    7.098630] ACPI: Sleep Button [SLPF]
[    7.104157] ACPI: Battery Slot [BAT0] (battery present)
[    7.105808] GHES: HEST is not enabled!
[    7.107180] Serial: 8250/16550 driver, 32 ports, IRQ sharing enabled
[    7.132500] 00:02: ttyS0 at I/O 0x3f8 (irq = 4, base_baud = 115200) is a 16550A
[    7.165616] Linux agpgart interface v0.103
[    7.177094] loop: module loaded
[    7.190586] scsi host0: ata_piix
[    7.194392] scsi host1: ata_piix
[    7.205489] ata1: PATA max UDMA/33 cmd 0x1f0 ctl 0x3f6 bmdma 0xd000 irq 14
[    7.207707] ata2: PATA max UDMA/33 cmd 0x170 ctl 0x376 bmdma 0xd008 irq 15
[    7.214622] libphy: Fixed MDIO Bus: probed
[    7.223276] tun: Universal TUN/TAP device driver, 1.6
[    7.232344] tun: (C) 1999-2004 Max Krasnyansky <maxk@qualcomm.com>
[    7.234991] PPP generic driver version 2.4.2
[    7.237053] ehci_hcd: USB 2.0 'Enhanced' Host Controller (EHCI) Driver
[    7.239736] ehci-pci: EHCI PCI platform driver
[    7.241714] ehci-platform: EHCI generic platform driver
[    7.243937] ohci_hcd: USB 1.1 'Open' Host Controller (OHCI) Driver
[    7.258379] ohci-pci: OHCI PCI platform driver
[    7.259775] ohci-platform: OHCI generic platform driver
[    7.261389] uhci_hcd: USB Universal Host Controller Interface driver
[    7.263219] i8042: PNP: PS/2 Controller [PNP0303:PS2K,PNP0f03:PS2M] at 0x60,0x64 irq 1,12
[    7.266360] serio: i8042 KBD port at 0x60,0x64 irq 1
[    7.267816] serio: i8042 AUX port at 0x60,0x64 irq 12
[    7.271368] mousedev: PS/2 mouse device common for all mice
[    7.273773] input: AT Translated Set 2 keyboard as /devices/platform/i8042/serio0/input/input2
[    7.301573] rtc_cmos rtc_cmos: rtc core: registered rtc_cmos as rtc0
[    7.345649] rtc_cmos rtc_cmos: alarms up to one day, 114 bytes nvram
[    7.472960] i2c /dev entries driver
[    7.546514] device-mapper: uevent: version 1.0.3
[    7.577154] device-mapper: ioctl: 4.34.0-ioctl (2015-10-28) initialised: dm-devel@redhat.com
[    7.599719] ledtrig-cpu: registered to indicate activity on CPUs
[    7.608371] NET: Registered protocol family 10
[    7.614817] NET: Registered protocol family 17
[    7.619146] Key type dns_resolver registered
[    7.620980] microcode: CPU0 sig=0x40651, pf=0x40, revision=0x0
[    7.634321] microcode: CPU1 sig=0x40651, pf=0x40, revision=0x0
[    7.646016] microcode: Microcode Update Driver: v2.01 <tigran@aivazian.fsnet.co.uk>, Peter Oruba
[    7.660332] registered taskstats version 1
[    7.661726] Loading compiled-in X.509 certificates
[    7.664231] Loaded X.509 cert 'Build time autogenerated kernel key: d1010f9627fd9242df4b03365d2931dfd1ad3d42'
[    7.667175] zswap: loaded using pool lzo/zbud
[    7.670817] Key type trusted registered
[    7.680385] Key type encrypted registered
[    7.683323] AppArmor: AppArmor sha1 policy hashing enabled
[    7.685006] ima: No TPM chip found, activating TPM-bypass!
[    7.686674] evm: HMAC attrs: 0x1
[    7.688218]   Magic number: 13:887:181
[    7.690971] rtc_cmos rtc_cmos: setting system clock to 2017-12-10 14:11:24 UTC (1512915084)
[    7.693641] BIOS EDD facility v0.16 2004-Jun-25, 0 devices found
[    7.695327] EDD information not available.
[    7.698606] Freeing unused kernel memory: 1492K
[    7.730367] Write protecting the kernel read-only data: 14336k
[    7.733316] Freeing unused kernel memory: 1748K
[    7.744913] Freeing unused kernel memory: 112K
Loading, please wait...
starting version[    7.773719] random: systemd-udevd: uninitialized urandom read (16 bytes read, 3 bits of entropy available)
 229
[    7.774765] random: udevadm: uninitialized urandom read (16 bytes read, 3 bits of entropy available)
[    7.774815] random: udevadm: uninitialized urandom read (16 bytes read, 3 bits of entropy available)
[    7.774977] random: udevadm: uninitialized urandom read (16 bytes read, 3 bits of entropy available)
[    7.775054] random: udevadm: uninitialized urandom read (16 bytes read, 3 bits of entropy available)
[    7.775114] random: udevadm: uninitialized urandom read (16 bytes read, 3 bits of entropy available)
[    7.775172] random: udevadm: uninitialized urandom read (16 bytes read, 3 bits of entropy available)
[    7.775226] random: udevadm: uninitialized urandom read (16 bytes read, 3 bits of entropy available)
[    7.775329] random: udevadm: uninitialized urandom read (16 bytes read, 3 bits of entropy available)
[    7.775420] random: udevadm: uninitialized urandom read (16 bytes read, 3 bits of entropy available)
[    7.884640] Fusion MPT base driver 3.04.20
[    7.886020] tsc: Refined TSC clocksource calibration: 1695.305 MHz
[    7.886024] clocksource: tsc: mask: 0xffffffffffffffff max_cycles: 0x186fd3fba9b, max_idle_ns: 440795203929 ns
[    7.903345] Copyright (c) 1999-2008 LSI Corporation
[    7.914687] e1000: Intel(R) PRO/1000 Network Driver - version 7.3.21-k8-NAPI
[    7.918569] e1000: Copyright (c) 1999-2006 Intel Corporation.
[    7.933585] Fusion MPT SPI Host driver 3.04.20
[    7.945974] AVX version of gcm_enc/dec engaged.
[    7.971445] AES CTR mode by8 optimization enabled
[    8.089262] input: ImExPS/2 Generic Explorer Mouse as /devices/platform/i8042/serio1/input/input4
[    8.355404] e1000 0000:00:03.0 eth0: (PCI:33MHz:32-bit) 02:14:68:3e:84:47
[    8.416782] e1000 0000:00:03.0 eth0: Intel(R) PRO/1000 Network Connection
[    8.482636] mptbase: ioc0: Initiating bringup
[    8.483605] e1000 0000:00:03.0 enp0s3: renamed from eth0
[    8.625101] ioc0: LSI53C1030 A0: Capabilities={Initiator}
[    8.876875] scsi host2: ioc0: LSI53C1030 A0, FwRev=00000000h, Ports=1, MaxQ=256, IRQ=20
[    9.082149] scsi 2:0:0:0: Direct-Access     VBOX     HARDDISK         1.0  PQ: 0 ANSI: 5
[    9.092951] scsi target2:0:0: Beginning Domain Validation
[    9.099257] scsi target2:0:0: Domain Validation skipping write tests
[    9.103758] scsi target2:0:0: Ending Domain Validation
[    9.105749] scsi target2:0:0: asynchronous
[    9.112654] scsi 2:0:1:0: Direct-Access     VBOX     HARDDISK         1.0  PQ: 0 ANSI: 5
[    9.134049] scsi target2:0:1: Beginning Domain Validation
[    9.140686] scsi target2:0:1: Domain Validation skipping write tests
[    9.145937] scsi target2:0:1: Ending Domain Validation
[    9.147812] scsi target2:0:1: asynchronous
[    9.160174] sd 2:0:0:0: [sda] 20971520 512-byte logical blocks: (10.7 GB/10.0 GiB)
[    9.160300] sd 2:0:0:0: Attached scsi generic sg0 type 0
[    9.161144] sd 2:0:1:0: Attached scsi generic sg1 type 0
[    9.181684] sd 2:0:1:0: [sdb] 20480 512-byte logical blocks: (10.5 MB/10.0 MiB)
[    9.181904] sd 2:0:0:0: [sda] Write Protect is off
[    9.182054] sd 2:0:0:0: [sda] Incomplete mode parameter data
[    9.182056] sd 2:0:0:0: [sda] Assuming drive cache: write through
[    9.195134] sd 2:0:1:0: [sdb] Write Protect is off
[    9.197088]  sda: sda1
[    9.202387] sd 2:0:1:0: [sdb] Incomplete mode parameter data
[    9.205276] sd 2:0:1:0: [sdb] Assuming drive cache: write through
[    9.207292] sd 2:0:0:0: [sda] Attached SCSI disk
[    9.212679] sd 2:0:1:0: [sdb] Attached SCSI disk
[   10.985562] floppy0: no floppy controllers found
Begin: Loading essential drivers ... [   12.599164] md: linear personality registered for level -1
[   12.667289] md: multipath personality registered for level -4
[   12.675679] md: raid0 personality registered for level 0
[   12.699877] md: raid1 personality registered for level 1
[   12.788844] raid6: sse2x1   gen()  4284 MB/s
[   12.860607] raid6: sse2x1   xor()  3581 MB/s
[   12.932820] raid6: sse2x2   gen()  6514 MB/s
[   13.008593] raid6: sse2x2   xor()  4339 MB/s
[   13.108764] raid6: sse2x4   gen()  7332 MB/s
[   13.188803] raid6: sse2x4   xor()  4460 MB/s
[   13.192947] raid6: using algorithm sse2x4 gen() 7332 MB/s
[   13.198635] raid6: .... xor() 4460 MB/s, rmw enabled
[   13.200151] raid6: using ssse3x2 recovery algorithm
[   13.204068] xor: automatically using best checksumming function:
[   13.248410]    avx       : 10225.000 MB/sec
[   13.312208] async_tx: api initialized (async)
[   13.347730] md: raid6 personality registered for level 6
[   13.384222] md: raid5 personality registered for level 5
[   13.388660] md: raid4 personality registered for level 4
[   13.398595] md: raid10 personality registered for level 10
done.
Begin: Running /scripts/init-premount ... done.
Begin: Mounting root file system ... Begin: Running /scripts/local-top ... done.
Begin: Running /scripts/local-premount ... [   13.455723] Btrfs loaded
Scanning for Btrfs filesystems
done.
Warning: fsck no[   13.516595] EXT4-fs (sda1): mounted filesystem with ordered data mode. Opts: (null)
t present, so skipping root file system
done.
Begin: Running /scripts/local-bottom ... done.
Begin: Running /scripts/init-bottom ... done.
[   13.721322] systemd[1]: systemd 229 running in system mode. (+PAM +AUDIT +SELINUX +IMA +APPARMOR +SMACK +SYSVINIT +UTMP +LIBCRYPTSETUP +GCRYPT +GNUTLS +ACL +XZ -LZ4 +SECCOMP +BLKID +ELFUTILS +KMOD -IDN)
[   13.813105] systemd[1]: Detected virtualization oracle.
[   13.814627] systemd[1]: Detected architecture x86-64.

Welcome to [1mUbuntu 16.04.3 LTS[0m!

[   13.832947] systemd[1]: Set hostname to <ubuntu>.
[   13.900944] systemd[1]: Initializing machine ID from random generator.
[   13.904923] systemd[1]: Installed transient /etc/machine-id file.
[   14.062696] systemd[1]: Reached target Swap.
[[0;32m  OK  [0m] Reached target Swap.
[   14.096416] systemd[1]: Listening on Journal Socket (/dev/log).
[[0;32m  OK  [0m] Listening on Journal Socket (/dev/log).
[   14.143156] systemd[1]: Started Forward Password Requests to Wall Directory Watch.
[[0;32m  OK  [0m] Started Forward Password Requests to Wall Directory Watch.
[   14.147874] systemd[1]: Reached target Encrypted Volumes.
[[0;32m  OK  [0m] Reached target Encrypted Volumes.
[   14.151843] systemd[1]: Set up automount Arbitrary Executable File Formats File System Automount Point.
[[0;32m  OK  [0m] Set up automount Arbitrary Executab...ats File System Automount Point.
[   14.196347] systemd[1]: Started Trigger resolvconf update for networkd DNS.
[[0;32m  OK  [0m] Started Trigger resolvconf update for networkd DNS.
[   14.200650] systemd[1]: Listening on udev Kernel Socket.
[[0;32m  OK  [0m] Listening on udev Kernel Socket.
[   14.211567] systemd[1]: Listening on Journal Socket.
[[0;32m  OK  [0m] Listening on Journal Socket.
[   14.225403] systemd[1]: Listening on Syslog Socket.
[[0;32m  OK  [0m] Listening on Syslog Socket.
[   14.247807] systemd[1]: Listening on Journal Audit Socket.
[[0;32m  OK  [0m] Listening on Journal Audit Socket.
[   14.304262] systemd[1]: Listening on udev Control Socket.
[[0;32m  OK  [0m] Listening on udev Control Socket.
[   14.310367] systemd[1]: Listening on /dev/initctl Compatibility Named Pipe.
[[0;32m  OK  [0m] Listening on /dev/initctl Compatibility Named Pipe.
[   14.314562] systemd[1]: Listening on LVM2 metadata daemon socket.
[[0;32m  OK  [0m] Listening on LVM2 metadata daemon socket.
[   14.318474] systemd[1]: Listening on LVM2 poll daemon socket.
[[0;32m  OK  [0m] Listening on LVM2 poll daemon socket.
[   14.322535] systemd[1]: Created slice User and Session Slice.
[[0;32m  OK  [0m] Created slice User and Session Slice.
[   14.326862] systemd[1]: Reached target User and Group Name Lookups.
[[0;32m  OK  [0m] Reached target User and Group Name Lookups.
[   14.411202] systemd[1]: Created slice System Slice.
[[0;32m  OK  [0m] Created slice System Slice.
[   14.424611] systemd[1]: Starting Journal Service...
         Starting Journal Service...
[   14.474030] systemd[1]: Starting Uncomplicated firewall...
         Starting Uncomplicated firewall...
[   14.579178] systemd[1]: Starting Nameserver information manager...
         Starting Nameserver information manager...
[   14.660517] systemd[1]: Created slice system-serial\x2dgetty.slice.
[[0;32m  OK  [0m] Created slice system-serial\x2dgetty.slice.
[   14.700999] systemd[1]: Starting Create list of required static device nodes for the current kernel...
         Starting Create list of required st... nodes for the current kernel...
[   14.820478] systemd[1]: Mounting POSIX Message Queue File System...
         Mounting POSIX Message Queue File System...
[   14.881721] systemd[1]: Reached target Slices.
[[0;32m  OK  [0m] Reached target Slices.
[   14.984607] systemd[1]: Mounting Debug File System...
         Mounting Debug File System...
[   15.011130] systemd[1]: Starting Set console keymap...
         Starting Set console keymap...
[   15.096626] systemd[1]: Starting Load Kernel Modules...
         Starting Load Kernel Modules...
[   15.116434] systemd[1]: Mounting Huge Pages File System...
         Mounting Huge Pages File System.[   15.134054] Loading iSCSI transport class v2.0-870.
..
[   15.174472] iscsi: registered transport (tcp)
[   15.184992] systemd[1]: Starting Remount Root and Kernel File Systems...
[   15.197611] random: nonblocking pool is initialized
         [   15.204753] EXT4-fs (sda1): re-mounted. Opts: (null)
Starting Remount Root and Kernel File Systems...
[   15.227893] systemd[1]: Listening on Device-mapper event daemon FIFOs.
[[0;32m  OK  [0m] Listening on Device-mapper event daemon FIFOs.
[   15.246666] systemd[1]: Starting Monitoring of LVM2 mirrors, snapshots etc. using dmeventd or progress polling...
         Starting Monitoring of LVM2 mirrors... dmeventd or progress polling...
[   15.288193] systemd[1]: Mounted Debug File System.
[[0;32m  OK  [0m] Mounted Debug File System.
[   15.296934] systemd[1]: Mounted Huge Pages File System.
[   15.297029] iscsi: registered transport (iser)
[[0;32m  OK  [0m] Mounted Huge Pages File System.
[   15.308397] systemd[1]: Mounted POSIX Message Queue File System.
[[0;32m  OK  [0m] Mounted POSIX Message Queue File System.
[   15.326758] systemd[1]: Started Journal Service.
[[0;32m  OK  [0m] Started Journal Service.
[[0;32m  OK  [0m] Started Uncomplicated firewall.
[[0;32m  OK  [0m] Started Create list of required sta...ce nodes for the current kernel.
[[0;32m  OK  [0m] Started Set console keymap.
[[0;32m  OK  [0m] Started Load Kernel Modules.
[[0;32m  OK  [0m] Started Remount Root and Kernel File Systems.
[[0;32m  OK  [0m] Started Nameserver information manager.
[[0;32m  OK  [0m] Started LVM2 metadata daemon.
         Starting udev Coldplug all Devices...
         Starting Load/Save Random Seed...
         Starting Initial cloud-init job (pre-networking)...
         Mounting FUSE Control File System...
         Starting Apply Kernel Variables...
         Starting Create Static Device Nodes in /dev...
         Starting Flush Journal to Persistent Storage...
[[0;32m  OK  [0m] Mounted FUSE Control File System.
[[0;32m  OK  [0m] Started Monitoring of LVM2 mirrors,...ng dmeventd or progress polling.
[[0;32m  OK  [0m] Started Load/Save Random Seed.
[[0;32m  OK  [0m] Started Apply Kernel Variables.
[[0;32m  OK  [0m] Started Create Static Device Nodes in /dev.
[[0;32m  OK  [0m] Started udev Coldplug all Devices.
[[0;32m  OK  [0m] Started Flush Journal to Persistent Storage.
         Starting udev Kernel Device Manager...
[[0;32m  OK  [0m] Started udev Kernel Device Manager.
[[0;32m  OK  [0m] Started Dispatch Password Requests to Console Directory Watch.
[[0;32m  OK  [0m] Reached target Local File Systems (Pre).
[[0;32m  OK  [0m] Reached target Local File Systems.
         Starting Set console font and keymap...
         Starting Commit a transient machine-id on disk...
         Starting Tell Plymouth To Write Out Runtime Data...
         Starting LSB: AppArmor initialization...
         Starting Create Volatile Files and Directories...
[[0;32m  OK  [0m] Started Tell Plymouth To Write Out Runtime Data.
[[0;32m  OK  [0m] Started Commit a transient machine-id on disk.
[[0;32m  OK  [0m] Started Create Volatile Files and Directories.
[[0;32m  OK  [0m] Reached target System Time Synchronized.
         Starting Update UTMP about System Boot/Shutdown...
[[0;32m  OK  [0m] Started Update UTMP about System Boot/Shutdown.
[[0;32m  OK  [0m] Found device /dev/ttyS0.
[[0;32m  OK  [0m] Started Set console font and keymap.
[[0;32m  OK  [0m] Created slice system-getty.slice.
[[0;32m  OK  [0m] Listening on Load/Save RF Kill Switch Status /dev/rfkill Watch.
[   15.229087] cloud-init[448]: Cloud-init v. 0.7.9 running 'init-local' at Sun, 10 Dec 2017 14:11:33 +0000. Up 14.53 seconds.
[[0;32m  OK  [0m] Started Initial cloud-init job (pre-networking).
[[0;32m  OK  [0m] Reached target Network (Pre).
[[0;32m  OK  [0m] Started LSB: AppArmor initialization.
         Starting Raise network interfaces...
[[0;32m  OK  [0m] Started Raise network interfaces.
[[0;32m  OK  [0m] Reached target Network.
         Starting Initial cloud-init job (metadata service crawler)...
[   18.684104] cloud-init[930]: Cloud-init v. 0.7.9 running 'init' at Sun, 10 Dec 2017 14:11:37 +0000. Up 17.99 seconds.
[   18.702143] cloud-init[930]: ci-info: +++++++++++++++++++++++++++++++++++++Net device info++++++++++++++++++++++++++++++++++++++
[   18.705387] cloud-init[930]: ci-info: +--------+------+----------------------------+---------------+-------+-------------------+
[   18.708630] cloud-init[930]: ci-info: | Device |  Up  |          Address           |      Mask     | Scope |     Hw-Address    |
[   18.748958] cloud-init[930]: ci-info: +--------+------+----------------------------+---------------+-------+-------------------+
[[0;32m  OK  [0m] Started Initial cloud-init job (metadata service crawler).
[   18.858517] cloud-init[930]: ci-info: | enp0s3 | True |         10.0.2.15          | 255.255.255.0 |   .   | 02:14:68:3e:84:47 |
[   18.956594] cloud-init[930]: ci-info: | enp0s3 | True | fe80::14:68ff:fe3e:8447/64 |       .       |  link | 02:14:68:3e:84:47 |
[   18.996811] cloud-init[930]: ci-info: |   lo   | True |         127.0.0.1          |   255.0.0.0   |   .   |         .         |
[   19.009476] cloud-init[930]: ci-info: |   lo   | True |          ::1/128           |       .       |  host |         .         |
[[0;32m  OK  [0m] Reached target System Initialization.
[[0;32m  OK  [0m] Listening on UUID daemon activation socket.
[[0;32m  OK  [0m] Started Timer to automatically fetch and run repair assertions.
[   19.067591] cloud-init[930]: ci-info: +--------+------+----------------------------+---------------+-------+-------------------+
[   19.357409]          cloud-initStarting LXD - unix socket.[930]: 
ci-info: +++++++++++++++++++++++++++Route IPv4 info++++++++++++++++++++++++++++
[   19.441031] [[0;32m  OK  [0m] Listening on ACPID Listen Socket.
[[0;32m  OK  [0m] Started Timer to automatically refresh installed snaps.
cloud-init[930]: ci-info: +-------+-------------+----------+---------------+-----------+-------+
[   19.593895]          cloud-initStarting Socket activation for snappy daemon.[930]: 
ci-info: | Route | Destination | Gateway  |    Genmask    | Interface | Flags |
[   19.725207] [cloud-init[0;32m  OK  [0m[930]: ] ci-info: +-------+-------------+----------+---------------+-----------+-------+Listening on D-Bus System Message Bus Socket.

[   19.726936] [cloud-init[0;32m  OK  [0m[930]: ] ci-info: |   0   |   0.0.0.0   | 10.0.2.2 |    0.0.0.0    |   enp0s3  |   UG  |Started Daily Cleanup of Temporary Directories.

[   19.830871] cloud-init[930]: ci-info: |   1   |   10.0.2.0  | 0.0.0.0  | 255.255.255.0 |   enp0s3  |   U   |
[   20.053287] [cloud-init[0;32m  OK  [0m[930]: ] ci-info: +-------+-------------+----------+---------------+-----------+-------+Started ACPI Events Check.

[   20.054977] [cloud-init[0;32m  OK  [0m[930]: ] Generating public/private rsa key pair.Reached target Paths.

[   20.253098] [cloud-init[0;32m  OK  [0m[930]: ] Your identification has been saved in /etc/ssh/ssh_host_rsa_key.Reached target Cloud-config availability.

[   20.253961] [cloud-init[0;32m  OK  [0m[930]: ] Your public key has been saved in /etc/ssh/ssh_host_rsa_key.pub.Reached target Network is Online.

[   20.469255]          cloud-initStarting iSCSI initiator daemon (iscsid)...[930]: 
The key fingerprint is:
[   20.561013] [cloud-init[0;32m  OK  [0m[930]: ] SHA256:EgWbMPrXauOPuPVYCYZ0rDblaHHEHh/QKA6bLeMoqu0 root@ubuntu-xenialStarted Daily apt download activities.

[   20.576758] [cloud-init[0;32m  OK  [0m[930]: ] The key's randomart image is:Started Daily apt upgrade and clean activities.

[   20.644888] [cloud-init[0;32m  OK  [0m[930]: ] +---[RSA 2048]----+Reached target Timers.

[   20.645866] [cloud-init[0;32m  OK  [0m[930]: ] |    o.+=.        |Listening on LXD - unix socket.

[[0;32m  OK  [0m] Listening on Socket activation for snappy daemon.
[   20.654468] cloud-init[930]: |  ...=++o        |
[   20.675059] cloud-init[930]: |  .*ooOo .       |
[   20.680981] cloud-init[930]: |  =ooX.o.        |
[   20.724099] [cloud-init[0;32m  OK  [0m[930]: ] | o oO * S        |Started iSCSI initiator daemon (iscsid).

[   20.724850] cloud-init[930]: |o .o + + .       |
[   20.856658]          cloud-initStarting Login to default iSCSI targets...[930]: 
|o     = o        |
[   20.941366] [cloud-init[0;32m  OK  [0m[930]: ] |..   = *         |Reached target Sockets.

[   20.943138] [[0;32m  OK  [0m] Reached target Basic System.
cloud-init[930]: |o.E o.+.o        |
         Starting System Logging Service...
[   21.078169] cloud-init[930]: +----[SHA256]-----+
[   21.140175]          cloud-initStarting Login Service...[930]: 
Generating public/private dsa key pair.
[   21.221036]          cloud-initStarting LXD - container startup/shutdown...[930]: 
Your identification has been saved in /etc/ssh/ssh_host_dsa_key.
[   21.254295] [cloud-init[0;32m  OK  [0m[930]: ] Your public key has been saved in /etc/ssh/ssh_host_dsa_key.pub.Started Unattended Upgrades Shutdown.

[   21.255287] cloud-init[930]: The key fingerprint is:
[   21.311774]          cloud-initStarting Apply the settings specified in cloud-config...[930]: 
SHA256:hA5hrKYAS3pDaoMq9qacPfzP/BBr3jrfJrBaOf3329M root@ubuntu-xenial
[   21.332149] cloud-init[930]: The key's randomart image is:
         Starting /etc/rc.local Compatibility...
[   21.350004] cloud-init[930]: +---[DSA 1024]----+
         Starting Accounts Service...
[[   21.384631] cloud-init[930]: |   .o            |
[   21.389012] cloud-init[930]: |...... .         |
[   21.389490] cloud-init[930]: |=+ .. . .        |
[0;32m  OK  [0m] Started Deferred execution scheduler.
[   21.391079] cloud-init[930]: |*o=  o .         |
         Starting LSB: Record successful boot for GRUB...
[[0;32m  OK  [0m] Started D-Bus System Message Bus.
[   21.445898] cloud-init[930]: |++..  ..S        |
[   21.474274] cloud-init[930]: |+.     .=        |
[   21.478119] cloud-init[930]: |o o    Bo.      .|
[   21.485990] cloud-init[930]: |. o=  *o+.o. . .E|
[   21.490049] cloud-init[930]: | +o.ooo*=+oo. .o+|
[   21.504164] cloud-init[930]: +----[SHA256]-----+
[[0;32m  OK  [0m[   21.536466] cloud-init[930]: Generating public/private ecdsa key pair.
] Started FUSE filesystem for LXC.
[   21.540010] cloud-init[930]: Your identification has been saved in /etc/ssh/ssh_host_ecdsa_key.
         Starting Snappy daemon...
[   21.580370] cloud-init[930]: Your public key has been saved in /etc/ssh/ssh_host_ecdsa_key.pub.
         Starting Pollinate to seed the pseudo random number generator...
[   21.598073] cloud-init[930]: The key fingerprint is:
[[0;32m  OK  [0m] Started ACPI event daemon.[   21.625129] cloud-init[930]: SHA256:CG9+olM6wtam4l/1yAwUegDlUQMVeSRyTbSXHI/5TMI root@ubuntu-xenial

[   21.626924] cloud-init[930]: The key's randomart image is:
[   21.641811] cloud-init[930]: +---[ECDSA 256]---+
         Starting LSB: MD monitoring daemon...
[[0;32m  OK  [0m] Started Regular background program processing daemon.
[[0;32m  OK  [0m] Started System Logging Service.
[   21.660286] cloud-init[930]: | .o*+OB+ .       |
[   21.748684] cloud-init[930]: |  . *.+o+ *      |
[   21.749294] cloud-init[930]: |   o.o.. E o     |
[[0;32m  OK  [0m] Started LXD - container startup/shutdown.
[   21.749579] cloud-init[930]: |    oo .. =      |
[   21.756945] cloud-init[930]: |     .+.S  o     |
[   21.757694] cloud-init[930]: |     o* o        |
[   21.757997] cloud-init[930]: | . . +o+..       |
[   21.758554] cloud-init[930]: |. + B. o         |
[   21.758825] cloud-init[930]: |.+o=.o           |
[   21.759095] cloud-init[930]: +----[SHA256]-----+
[   21.759402] cloud-init[930]: Generating public/private ed25519 key pair.
[   21.759664] cloud-init[930]: Your identification has been saved in /etc/ssh/ssh_host_ed25519_key.
[   21.759940] cloud-init[930]: Your public key has been saved in /etc/ssh/ssh_host_ed25519_key.pub.
[[0;32m  OK  [0m] Started /etc/rc.local Compatibility.
[   21.760346] cloud-init[930]: The key fingerprint is:
[   21.789327] cloud-init[930]: SHA256:J4ZmAeM8XRgvjMMyhIfj+z3ji9f9iMmjFFQvz/1NS2o root@ubuntu-xenial
[[0;32m  OK  [0m] Started Snappy daemon.
[   21.789576] cloud-init[930]: The key's randomart image is:
[   21.827274] cloud-init[930]: +--[ED25519 256]--+
[   21.831166] cloud-init[930]: | o. o .+.        |
[   21.834313] cloud-init[930]: |+..+ *oo.        |
[   21.868768] cloud-init[930]: |.oo B.=...       |
[   21.878659] cloud-init[930]: | . o.o ++ .      |
[   21.888568] cloud-init[930]: |  .  .+ So..   o |
[   21.892883] cloud-init[930]: | .   o.. o  . = .|
[   21.895235] cloud-init[930]: |  . ... .    E o |
[   21.903667] cloud-init[930]: |   .o=.oo.. .    |
[   21.907260] cloud-init[930]: |   .o+=+....     |
[   21.911733] cloud-init[930]: +----[SHA256]-----+
[[0;32m  OK  [0m] Started Login to default iSCSI targets.
[[0;32m  OK  [0m] Started LSB: Record successful boot for GRUB.
[[0;32m  OK  [0m] Started LSB: MD monitoring daemon.
[[0;32m  OK  [0m] Started Login Service.
         Starting Authenticate and Authorize Users to Run Privileged Tasks...
[[0;32m  OK  [0m] Reached target Remote File Systems (Pre).
[[0;32m  OK  [0m] Reached target Remote File Systems.
         Starting LSB: daemon to balance interrupts for SMP systems...
         Starting LSB: VirtualBox Linux Additions...
         Starting Permit User Sessions...
         Starting LSB: automatic crash report generation...
         Starting LSB: Set the CPU Frequency Scaling governor to "ondemand"...
         Starting Auto import assertions from block devices...
[[0;32m  OK  [0m] Started Permit User Sessions.
[[0;32m  OK  [0m] Started Authenticate and Authorize Users to Run Privileged Tasks.
[[0;32m  OK  [0m] Started Auto import assertions from block devices.
[[0;32m  OK  [0m] Started Accounts Service.
[[0;32m  OK  [0m] Started Pollinate to seed the pseudo random number generator.
[[0;32m  OK  [0m] Started LSB: daemon to balance interrupts for SMP systems.
         Starting OpenBSD Secure Shell server...
         Starting Hold until boot process finishes up...
         Starting Terminate Plymouth Boot Screen...
[[0;32m  OK  [0m] Started LSB: automatic crash report generation.
[[0;32m  OK  [0m] Started LSB: VirtualBox Linux Additions.
[[0;32m  OK  [0m] Started LSB: Set the CPU Frequency Scaling governor to "ondemand".
[[0;32m  OK  [0m] Started Hold until boot process finishes up.
[[0;32m  OK  [0m] Started Terminate Plymouth Boot Screen.
[[0;32m  OK  [0m] Started OpenBSD Secure Shell server.
         Starting Set console scheme...
[[0;32m  OK  [0m] Started Getty on tty1.
[[0;32m  OK  [0m] Started Serial Getty on ttyS0.
[[0;32m  OK  [0m] Reached target Login Prompts.
[[0;32m  OK  [0m] Reached target Multi-User System.
[[0;32m  OK  [0m] Reached target Graphical Interface.
[   22.409613] cloud-init[1045]: Generating locales (this might take a while)...
         Starting Update UTMP about System Runlevel Changes...
[[0;32m  OK  [0m] Started Set console scheme.
[[0;32m  OK  [0m] Started Update UTMP about System Runlevel Changes.
[   23.560191] cloud-init[1045]:   en_US.UTF-8... done
[   23.588612] cloud-init[1045]: Generation complete.
         Stopping OpenBSD Secure Shell server...
[[0;32m  OK  [0m] Stopped OpenBSD Secure Shell server.
         Starting OpenBSD Secure Shell server...
[[0;32m  OK  [0m] Started OpenBSD Secure Shell server.
[   24.281029] cloud-init[1045]: Cloud-init v. 0.7.9 running 'modules:config' at Sun, 10 Dec 2017 14:11:41 +0000. Up 22.08 seconds.
[[0;32m  OK  [0m] Started Apply the settings specified in cloud-config.
         Starting Execute cloud user/final scripts...
ci-info: no authorized ssh keys fingerprints found for user ubuntu.
<14>Dec 10 14:11:44 ec2: 
<14>Dec 10 14:11:44 ec2: #############################################################
<14>Dec 10 14:11:44 ec2: -----BEGIN SSH HOST KEY FINGERPRINTS-----
<14>Dec 10 14:11:44 ec2: 1024 SHA256:hA5hrKYAS3pDaoMq9qacPfzP/BBr3jrfJrBaOf3329M root@ubuntu-xenial (DSA)
<14>Dec 10 14:11:44 ec2: 256 SHA256:CG9+olM6wtam4l/1yAwUegDlUQMVeSRyTbSXHI/5TMI root@ubuntu-xenial (ECDSA)
<14>Dec 10 14:11:44 ec2: 256 SHA256:J4ZmAeM8XRgvjMMyhIfj+z3ji9f9iMmjFFQvz/1NS2o root@ubuntu-xenial (ED25519)
<14>Dec 10 14:11:44 ec2: 2048 SHA256:EgWbMPrXauOPuPVYCYZ0rDblaHHEHh/QKA6bLeMoqu0 root@ubuntu-xenial (RSA)
<14>Dec 10 14:11:44 ec2: -----END SSH HOST KEY FINGERPRINTS-----
<14>Dec 10 14:11:44 ec2: #############################################################
-----BEGIN SSH HOST KEY KEYS-----
ecdsa-sha2-nistp256 AAAAE2VjZHNhLXNoYTItbmlzdHAyNTYAAAAIbmlzdHAyNTYAAABBBPvxc9shY78a9cqroYYrJBmEag+r4YEgIPaXs1X+3pjpUg5tDGT3XGJPx1WDEzpGVHJs/uVGQ6T/KQFLMjknJP4= root@ubuntu-xenial
ssh-ed25519 AAAAC3NzaC1lZDI1NTE5AAAAIAcduPZYHMFQOFNZEeDmzPs/s1CsmdhhJGWTqalthn9Q root@ubuntu-xenial
ssh-rsa AAAAB3NzaC1yc2EAAAADAQABAAABAQCy19fDkkEIWvmYP4sgnedfjXOX+hyAI+Fv0+2JjG18hotgTfkD1GEE+rpGLwgYz14gLRqg7w1Z77bmT0X6oBTwbJLCPIOp7vL0KhNgQqYOpbTQvZLeFWl8o7oa2O6RN/Lc/Is6BanfzaDyYI6AkAKf+3JcV1AAtJ6D/FF/NhreaQdHkQItZui9KFmtxAk2kspf7Ini6ElUK8kJFJkZljW158ySs4pN3uBwr9y4jgRpjHVp9R9dpFTreDv8J0d5UWmIjZ8t86KxqQHHRMowH6AJ3EJn0ILYJ0vjVkloIB2LXMHMjJNaP9C5uBKG5wIXJtAYr/oKxGdZlWfW3TcgyPkD root@ubuntu-xenial
-----END SSH HOST KEY KEYS-----
[   25.158322] cloud-init[1298]: Cloud-init v. 0.7.9 running 'modules:final' at Sun, 10 Dec 2017 14:11:44 +0000. Up 24.77 seconds.
[   25.164107] cloud-init[1298]: ci-info: no authorized ssh keys fingerprints found for user ubuntu.
[   25.169405] cloud-init[1298]: Cloud-init v. 0.7.9 finished at Sun, 10 Dec 2017 14:11:44 +0000. Datasource DataSourceNoCloud [seed=/dev/sdb][dsmode=net].  Up 25.14 seconds
[[0;32m  OK  [0m] Started Execute cloud user/final scripts.
[[0;32m  OK  [0m] Reached target Cloud-init target.

Ubuntu 16.04.3 LTS ubuntu-xenial ttyS0

ubuntu-xenial login: 